A.f(1) = 12
B.g(1) = 7
C.f(1) = 11
C.g(1) = 4444
(C as A).f(1) = 11
(C as B).g(1) = 7
