A.f(1) = 13
B.g(1) = 8
C.f(1) = 11
C.g(1) = 4444
(C as A).f(1) = 11
C.f(1) = 11
(C as A).f(1) = 11
C.f(1) = 11
(C as B).g(1) = 8
C.g(1) = 4444
(C as B).g(1) = 9
C.g(1) = 4444
