non, tous les programmes n'affichent pas hello world
