this is A::f
this is B::f
this is B::f
this is A::f
