x = 41
x = 42
x = 43
z = 43
x = 44
z = 44
u = 44
x = 45
z = 45
u = 45
x = 46
z = 46
u = 46
