x = 42
y = 43
x = 12
y = 43
x = 12
y = 43
x = 12
y = 13
